npm notice run paseo@0.8.0 npx
npm notice run 'vitest' run src/server/agent/provider-registry-wrap.test.ts

 RUN  v4.1.6 /home/ubuntu/.paseo/worktrees/1uvgaean/peer-080-mutants/packages/server

stdout | src/server/agent/provider-registry-wrap.test.ts
[dotenv@17.3.1] injecting env (0) from .env.test -- tip: 🔐 prevent building .env in docker: https://dotenvx.com/prebuild
[dotenv@17.3.1] injecting env (0) from ../.env -- tip: ⚙️  load multiple .env files with { path: ['.env.local', '.env'] }

 ❯ src/server/agent/provider-registry-wrap.test.ts (1 test | 1 failed) 11ms
     × forwards every optional AgentSession method 9ms

⎯⎯⎯⎯⎯⎯⎯ Failed Tests 1 ⎯⎯⎯⎯⎯⎯⎯

 FAIL  src/server/agent/provider-registry-wrap.test.ts > wrapSessionProvider > forwards every optional AgentSession method
AssertionError: expected [ 'listCommands', 'setModel', …(7) ] to deeply equal [ 'listCommands', 'setModel', …(8) ]

- Expected
+ Received

@@ -6,7 +6,6 @@
    "revertConversation",
    "revertFiles",
    "revertBoth",
    "tryHandleOutOfBand",
    "tryHandleOutOfBand.run",
-   "releaseForegroundTurn",
  ]

 ❯ src/server/agent/provider-registry-wrap.test.ts:192:35
    190|     wrapped.releaseForegroundTurn?.("turn-1");
    191|
    192|     expect(session.recordedCalls).toEqual([
       |                                   ^
    193|       "listCommands",
    194|       "setModel",

⎯⎯⎯⎯⎯⎯⎯⎯⎯⎯⎯⎯⎯⎯⎯⎯⎯⎯⎯⎯⎯⎯⎯⎯[1/1]⎯


 Test Files  1 failed (1)
      Tests  1 failed (1)
   Start at  23:49:10
   Duration  2.13s (transform 1.30s, setup 50ms, import 1.86s, tests 11ms, environment 0ms)

